<!DOCTYPE HTML PUBLIC "-//W3C//DTD HTML 4.01 Transitional//EN" "http://www.w3.org/TR/html4/loose.dtd">
<html>
<head>
<meta http-equiv="Content-Type" content="text/html; charset=utf8">
<title></title>
<style type="text/css">
.ansi2html-content { display: inline; white-space: pre-wrap; word-wrap: break-word; }
.body_foreground { color: #AAAAAA; }
.body_background { background-color: #000000; }
.body_foreground > .bold,.bold > .body_foreground, body.body_foreground > pre > .bold { color: #FFFFFF; font-weight: normal; }
.inv_foreground { color: #000000; }
.inv_background { background-color: #AAAAAA; }
.ansi1 { font-weight: bold; }
.ansi3 { font-style: italic; }
.ansi32 { color: #00aa00; }
.ansi33 { color: #aa5500; }
</style>
</head>
<body class="body_foreground body_background" style="font-size: normal;" >
<pre class="ansi2html-content">
<span id="line-0">Block quote without paragraphs:</span>
<span id="line-1"></span>
<span id="line-2">    <span class="ansi3 ansi32">Lorem ipsum dolor sit amet.</span></span>
<span id="line-3"></span>
<span id="line-4">Block quotes with paragraphs</span>
<span id="line-5"></span>
<span id="line-6">    <span class="ansi3 ansi32">Lorem ipsum dolor sit amet, </span><span class="ansi32">consetetur sadipscing elitr</span><span class="ansi3 ansi32">, sed diam nonumy</span></span>
<span id="line-7">    <span class="ansi3 ansi32">eirmod tempor invidunt ut labore et dolore magna aliquyam erat, sed diam</span></span>
<span id="line-8">    <span class="ansi3 ansi32">voluptua.</span></span>
<span id="line-9"></span>
<span id="line-10">    <span class="ansi3 ansi32">Lorem ipsum dolor sit amet, </span><span class="ansi1 ansi3 ansi32">consetetur sadipscing elitr</span><span class="ansi3 ansi32">, sed diam nonumy</span></span>
<span id="line-11">    <span class="ansi3 ansi32">eirmod tempor invidunt ut </span><span class="ansi3 ansi33">labore et dolore magna</span><span class="ansi3 ansi32"> aliquyam erat, sed diam</span></span>
<span id="line-12">    <span class="ansi3 ansi32">voluptua.</span></span>
<span id="line-13"></span>
<span id="line-14">Before we continue, have a ruler:</span>
<span id="line-15"></span>
<span id="line-16"><span class="ansi32">════════════════════════════════════════════════════════════════════════════════</span></span>
<span id="line-17"></span>
<span id="line-18">Bye bye</span>
<span id="line-19"></span>

</pre>
</body>

</html>
